repo/a/a : a
repo/a/test-text : a
repo/b/b : b
repo/b/test-text : b
repo/skipme : May be skipped.
repo/test-json : {
    "a": 1
}
repo/test-text : some text
