repo/README : readme file
repo/a/a : a
repo/a/test-text : a
repo/b/b : b
repo/b/test-text : b
repo/skipme/another : another
repo/test-json : {
    "a": 1
}
repo/test-text : some text
